
> nextjs_tailwind_shadcn_ts@0.1.0 build
> next build

node.exe : [baseline-browser-mapping] The data in this module is over two months old.  To ensure accurate Baseline 
data, please update: `npm i baseline-browser-mapping@latest -D`
At line:1 char:1
+ & "C:\Program Files\nodejs/node.exe" "C:\Program Files\nodejs/node_mo ...
+ ~~~~~~~~~~~~~~~~~~~~~~~~~~~~~~~~~~~~~~~~~~~~~~~~~~~~~~~~~~~~~~~~~~~~~
    + CategoryInfo          : NotSpecified: ([baseline-brows...ping@latest -D`:String) [], RemoteException
    + FullyQualifiedErrorId : NativeCommandError
 
   Γû▓ Next.js 16.0.8 (Turbopack)
   - Environments: .env

 ΓÜá The "middleware" file convention is deprecated. Please use "proxy" instead. Learn more: 
https://nextjs.org/docs/messages/middleware-to-proxy
   Creating an optimized production build ...
[baseline-browser-mapping] The data in this module is over two months old.  To ensure accurate Baseline data, please 
update: `npm i baseline-browser-mapping@latest -D`
 Γ£ô Compiled successfully in 12.6s
   Running TypeScript ...
Failed to compile.

./src/app/api/auth/login/route.ts:46:9
Type error: Object literal may only specify known properties, and 'batchId' does not exist in type 'AuthUser | User'.

[0m [90m 44 |[39m         collegeId[33m:[39m user[33m.[39mcollegeId [33m||[39m [36mnull[39m[33m,[39m
 [90m 45 |[39m         programId[33m:[39m user[33m.[39mprogramId [33m||[39m [36mnull[39m[33m,[39m
[31m[1m>[22m[39m[90m 46 |[39m         batchId[33m:[39m user[33m.[39mbatchId [33m||[39m 
[36mnull[39m[33m,[39m
 [90m    |[39m         [31m[1m^[22m[39m
 [90m 47 |[39m       })[33m;[39m
 [90m 48 |[39m       console[33m.[39mlog([32m'Generated token (first 20 chars):'[39m[33m,[39m 
token[33m.[39msubstring([35m0[39m[33m,[39m [35m20[39m) [33m+[39m [32m'...'[39m)[33m;[39m
 [90m 49 |[39m[0m
Next.js build worker exited with code: 1 and signal: null
